// Jest Snapshot v1, https://goo.gl/fbAQLP

exports[`SearchResult should match snapshot 1`] = `
<article>
  <header>
    <span>
      demure
    </span>
    <span>
      adjective
    </span>
     
    <div>
      <button
        onClick={[Function]}
        type="button"
      >
        <span>
          [dɪˈmjuɚ]
        </span>
        <svg
          className={null}
          height={18}
          width={18}
        >
          <use
            xlinkHref="function SvgSprite(props) {
  return React.createElement(
    'svg', 
    Object.assign({}, props, {'data-file-name': SvgSprite.name})
  );
}#play"
          />
        </svg>
      </button>
    </div>
  </header>
  <ul>
    <li>
      <i>
        <svg
          className={null}
          height={16}
          width={14}
        >
          <use
            xlinkHref="function SvgSprite(props) {
  return React.createElement(
    'svg', 
    Object.assign({}, props, {'data-file-name': SvgSprite.name})
  );
}#book"
          />
        </svg>
      </i>
      <p>
         quiet and polite 
      </p>
    </li>
    <li>
      <i>
        <svg
          className={null}
          height={16}
          width={14}
        >
          <use
            xlinkHref="function SvgSprite(props) {
  return React.createElement(
    'svg', 
    Object.assign({}, props, {'data-file-name': SvgSprite.name})
  );
}#book"
          />
        </svg>
      </i>
      <p>
         not attracting or demanding a lot of attention  not showy or flashy 
      </p>
    </li>
  </ul>
  <section
    className="show-more"
  >
    <p>
      <h3>
        word forms: 
      </h3>
      demure, demurely, demureness
    </p>
  </section>
  <section>
    <details>
      <summary>
        Examples
      </summary>
      <ol>
        <li>
          a 
          <i>
             
            demure 
             
          </i>
          young lady 
        </li>
        <li>
          She was wearing a 
          <i>
             
            demure 
             
          </i>
          gray suit. 
        </li>
        <li>
          the 
          <i>
             
            demure 
             
          </i>
          charm of the cottage 
        </li>
        <li>
          a 
          <i>
             
            demure 
             
          </i>
          personality 
        </li>
      </ol>
    </details>
  </section>
</article>
`;
